[INFO] Quantized model with 8.501 bits per weight.
{
  "label": "calibration-q8",
  "mode": "grounded",
  "n": 128,
  "raw_metrics": {
    "overall": {
      "n": 128,
      "em": 0.59375,
      "f1": 0.6264012896825397,
      "format_valid_rate": 0.9375
    },
    "answerable": {
      "n": 64,
      "em": 0.609375,
      "f1": 0.6746775793650793,
      "format_valid_rate": 0.9375
    },
    "unanswerable": {
      "n": 64,
      "em": 0.578125,
      "f1": 0.578125,
      "format_valid_rate": 0.9375
    },
    "unsupported_answer_rate": 0.421875,
    "over_abstention_rate": 0.203125,
    "categories": {
      "correct": 75,
      "over_abstention": 13,
      "wrong_or_partial_span": 9,
      "format_or_nonextractive": 8,
      "unsupported_answer": 23
    },
    "family_macro_em": 0.5789473684210527,
    "always_abstain_em": 0.5
  }
}
