{
  "label": "1.5b-fp16-legacy",
  "mode": "legacy",
  "n": 128,
  "raw_metrics": {
    "overall": {
      "n": 128,
      "em": 0.5703125,
      "f1": 0.6023775703463203,
      "format_valid_rate": 0.953125
    },
    "answerable": {
      "n": 64,
      "em": 0.796875,
      "f1": 0.8610051406926407,
      "format_valid_rate": 0.953125
    },
    "unanswerable": {
      "n": 64,
      "em": 0.34375,
      "f1": 0.34375,
      "format_valid_rate": 0.953125
    },
    "unsupported_answer_rate": 0.65625,
    "over_abstention_rate": 0.046875,
    "categories": {
      "correct": 72,
      "wrong_or_partial_span": 8,
      "format_or_nonextractive": 6,
      "over_abstention": 3,
      "unsupported_answer": 39
    },
    "family_macro_em": 0.5647058823529412,
    "always_abstain_em": 0.5
  }
}
