{
  "label": "3b-fp16-grounded",
  "mode": "grounded",
  "n": 128,
  "raw_metrics": {
    "overall": {
      "n": 128,
      "em": 0.6640625,
      "f1": 0.7132051542207792,
      "format_valid_rate": 0.9453125
    },
    "answerable": {
      "n": 64,
      "em": 0.78125,
      "f1": 0.8795353084415585,
      "format_valid_rate": 0.953125
    },
    "unanswerable": {
      "n": 64,
      "em": 0.546875,
      "f1": 0.546875,
      "format_valid_rate": 0.9375
    },
    "unsupported_answer_rate": 0.453125,
    "over_abstention_rate": 0.03125,
    "categories": {
      "correct": 84,
      "wrong_or_partial_span": 10,
      "over_abstention": 2,
      "format_or_nonextractive": 7,
      "unsupported_answer": 25
    },
    "family_macro_em": 0.6588235294117647,
    "always_abstain_em": 0.5
  }
}
